T_NUMBER 4 1 0
T_ALPHABET_SYMBOL a 2 0
T_ALPHABET_SYMBOL b 2 2
T_ALPHABET_SYMBOL c 2 4
T_ALPHABET_SYMBOL d 2 6
T_NUMBER 1 3 0
T_ALPHABET_SYMBOL termin 4 0
ERROR in [4; 6], symbol @
